================================================================================
Task 12 & 13: 完整规模 (steps=100亿) out-of-sample + 多种子实验
================================================================================
总配置数: 13
外层并行度: 13 (每个实验内部单核串行)
单次目标函数评估实测: ~409秒（steps=1e10时的真实成本，瓶颈是主循环本身）
单实验预估: minimize_scalar(bounded) 通常 15-25 次评估 x ~409秒 ≈ 1.7-2.8小时
由于外层13路并行，预计wall-clock时间 ≈ 单个最慢实验的耗时 (~2-3小时)
================================================================================


================================================================================
[实验: task12_split_50_50] 训练: N=1~50, 测试: N=51~100, seed=42, steps=1e+10
================================================================================

================================================================================
[实验: task12_split_70_30] 训练: N=1~70, 测试: N=71~100, seed=42, steps=1e+10
================================================================================

================================================================================
[实验: task12_split_80_20] 训练: N=1~80, 测试: N=81~100, seed=42, steps=1e+10
================================================================================

================================================================================
[实验: task13_seed_42] 训练: N=1~70, 测试: N=71~100, seed=42, steps=1e+10
================================================================================

================================================================================
[实验: task13_seed_123] 训练: N=1~70, 测试: N=71~100, seed=123, steps=1e+10
================================================================================

================================================================================
[实验: task13_seed_456] 训练: N=1~70, 测试: N=71~100, seed=456, steps=1e+10
================================================================================

================================================================================
[实验: task13_seed_789] 训练: N=1~70, 测试: N=71~100, seed=789, steps=1e+10
================================================================================

================================================================================
[实验: task13_seed_2024] 训练: N=1~70, 测试: N=71~100, seed=2024, steps=1e+10
================================================================================

================================================================================
[实验: task13_seed_2025] 训练: N=1~70, 测试: N=71~100, seed=2025, steps=1e+10
================================================================================

================================================================================
[实验: task13_seed_3141] 训练: N=1~70, 测试: N=71~100, seed=3141, steps=1e+10
================================================================================

================================================================================
[实验: task13_seed_2718] 训练: N=1~70, 测试: N=71~100, seed=2718, steps=1e+10
================================================================================

================================================================================
[实验: task13_seed_1618] 训练: N=1~70, 测试: N=71~100, seed=1618, steps=1e+10
================================================================================

================================================================================
[实验: task13_seed_9999] 训练: N=1~70, 测试: N=71~100, seed=9999, steps=1e+10
================================================================================
[训练完成] 耗时: 6653.4秒 (110.89分钟)
  最优 k = 10.034442
  训练集 MSE = 141.6337
[训练完成] 耗时: 6721.5秒 (112.02分钟)
  最优 k = 10.034442
  训练集 MSE = 141.6337
[训练完成] 耗时: 6735.4秒 (112.26分钟)
  最优 k = 10.034442
  训练集 MSE = 141.6337
  测试集 MSE = 5804.8834
  测试集 MSE = 5804.8834
  测试集 MSE = 5804.8834
[训练完成] 耗时: 8199.9秒 (136.67分钟)
  最优 k = 5.793382
  训练集 MSE = 59.7651
  测试集 MSE = 3710.3467
[训练完成] 耗时: 8738.8秒 (145.65分钟)
  最优 k = 9.153001
  训练集 MSE = 145.9729
  测试集 MSE = 5891.0694
[训练完成] 耗时: 9276.8秒 (154.61分钟)
  最优 k = 10.482186
  训练集 MSE = 165.3057
[训练完成] 耗时: 9291.9秒 (154.87分钟)
  最优 k = 9.153001
  训练集 MSE = 145.9729
[训练完成] 耗时: 9415.0秒 (156.92分钟)
  最优 k = 10.761157
  训练集 MSE = 159.1260
  测试集 MSE = 6561.1051
  测试集 MSE = 5891.0694
  测试集 MSE = 6437.9290
[训练完成] 耗时: 9940.8秒 (165.68分钟)
  最优 k = 10.043973
  训练集 MSE = 146.0875
[训练完成] 耗时: 10166.1秒 (169.44分钟)
  最优 k = 10.758907
  训练集 MSE = 141.5973
[训练完成] 耗时: 10191.9秒 (169.86分钟)
  最优 k = 10.758907
  训练集 MSE = 173.7750
[训练完成] 耗时: 10195.6秒 (169.93分钟)
  最优 k = 10.034442
  训练集 MSE = 141.6337
[训练完成] 耗时: 10196.9秒 (169.95分钟)
  最优 k = 10.034442
  训练集 MSE = 141.6337
  测试集 MSE = 7557.2008
  测试集 MSE = 5677.9654
  测试集 MSE = 6237.8412
  测试集 MSE = 5773.5743
  测试集 MSE = 5773.5743


================================================================================
所有实验完成！总耗时: 176.2 分钟
成功: 13/13
结果保存至: /root/autodl-tmp/henon_mapping/riemann_logistic/task12_13_results_v2
================================================================================
