nohup: ignoring input
[2026-03-14 23:52:47] ================================================================================
[2026-03-14 23:52:47] 🚀 1D 宏观一万阶终极测绘启动 (N_BINS=50000, 500亿步)
[2026-03-14 23:52:47] ⚠️ 资源锁定配置: 16 Workers × 12 Threads = 192 Cores 联合作战
[2026-03-14 23:52:47] ================================================================================
[2026-03-14 23:52:47] [*] 成功加载靶向零点，总数: 10000，最高能级: 9877.78
[2026-03-15 03:46:06] [Worker] 尝试 k=np.float64(6.785665678918746) | 缩放=np.float64(8802.188944432757) | MSE=np.float64(40111684.6808283) | 提取阶数=12944 | 积分耗时=1790.8s | 矩阵求解耗时=3.391h
[2026-03-15 03:46:45] [Worker] 尝试 k=np.float64(8.13372439960248) | 缩放=np.float64(5529.372148517269) | MSE=np.float64(3087805.3129146034) | 提取阶数=12975 | 积分耗时=1791.8s | 矩阵求解耗时=3.402h
[2026-03-15 03:47:51] [Worker] 尝试 k=np.float64(7.72405941532919) | 缩放=np.float64(18335.94773288955) | MSE=np.float64(385650230.3795651) | 提取阶数=12972 | 积分耗时=1790.9s | 矩阵求解耗时=3.421h
[2026-03-15 03:48:29] [Worker] 尝试 k=np.float64(10.187905048150133) | 缩放=np.float64(18281.93240833787) | MSE=np.float64(377848638.61655754) | 提取阶数=13023 | 积分耗时=1794.0s | 矩阵求解耗时=3.430h
[2026-03-15 05:44:08] [Worker] 尝试 k=np.float64(7.325492453240604) | 缩放=np.float64(6995.688058990418) | MSE=np.float64(14463799.593487957) | 提取阶数=12962 | 积分耗时=1792.5s | 矩阵求解耗时=5.358h
[2026-03-15 05:45:20] [Worker] 尝试 k=np.float64(5.910128992628005) | 缩放=np.float64(3711.684300499248) | MSE=np.float64(692847.7796694939) | 提取阶数=12942 | 积分耗时=1792.1s | 矩阵求解耗时=5.378h
[2026-03-15 05:47:30] [Worker] 尝试 k=np.float64(10.816984352633419) | 缩放=np.float64(3676.6281313715026) | MSE=np.float64(841607.3016161192) | 提取阶数=13043 | 积分耗时=1791.8s | 矩阵求解耗时=5.414h
[2026-03-15 05:47:57] [Worker] 尝试 k=np.float64(12.688274043669008) | 缩放=np.float64(4500.969262575139) | MSE=np.float64(137586.13924624491) | 提取阶数=13077 | 积分耗时=1791.1s | 矩阵求解耗时=5.422h
[2026-03-15 05:48:39] [Worker] 尝试 k=np.float64(10.350185268954778) | 缩放=np.float64(8357.337210371872) | MSE=np.float64(31986581.85731249) | 提取阶数=13018 | 积分耗时=1798.6s | 矩阵求解耗时=5.431h
[2026-03-15 05:49:19] [Worker] 尝试 k=np.float64(11.963032361591226) | 缩放=np.float64(4607.37075575282) | MSE=np.float64(239486.18910188394) | 提取阶数=13060 | 积分耗时=1792.7s | 矩阵求解耗时=5.444h
[2026-03-15 05:49:25] [Worker] 尝试 k=np.float64(14.31003947974786) | 缩放=np.float64(4149.937771060504) | MSE=np.float64(137413.7907467029) | 提取阶数=13124 | 积分耗时=1789.7s | 矩阵求解耗时=5.447h
[2026-03-15 05:50:14] [Worker] 尝试 k=np.float64(10.100368591007179) | 缩放=np.float64(2854.19592630432) | MSE=np.float64(4111701.1495493166) | 提取阶数=13007 | 积分耗时=1798.9s | 矩阵求解耗时=5.458h
[2026-03-15 05:50:41] [Worker] 尝试 k=np.float64(11.723572154869341) | 缩放=np.float64(7604.548889212144) | MSE=np.float64(20976443.322218787) | 提取阶数=13063 | 积分耗时=1792.6s | 矩阵求解耗时=5.467h
[2026-03-15 05:50:52] [Worker] 尝试 k=np.float64(11.076042014220237) | 缩放=np.float64(4284.5450978071085) | MSE=np.float64(72822.33613920586) | 提取阶数=13040 | 积分耗时=1792.1s | 矩阵求解耗时=5.470h
[2026-03-15 05:51:26] [Worker] 尝试 k=np.float64(14.977366010206495) | 缩放=np.float64(3577.3033091134503) | MSE=np.float64(1168029.929640161) | 提取阶数=13132 | 积分耗时=1791.9s | 矩阵求解耗时=5.480h
[2026-03-15 05:52:03] [Worker] 尝试 k=np.float64(11.13587883056814) | 缩放=np.float64(14970.457914473238) | MSE=np.float64(219966317.29258642) | 提取阶数=13043 | 积分耗时=1790.9s | 矩阵求解耗时=5.490h
[2026-03-15 08:00:04] [Worker] 尝试 k=np.float64(14.00526148191938) | 缩放=np.float64(5372.050855908051) | MSE=np.float64(2146001.412536335) | 提取阶数=13106 | 积分耗时=1811.5s | 矩阵求解耗时=3.690h
[2026-03-15 08:00:12] [Worker] 尝试 k=np.float64(10.443981529980842) | 缩放=np.float64(3582.0740954947523) | MSE=np.float64(1079107.929970458) | 提取阶数=13030 | 积分耗时=1814.3s | 矩阵求解耗时=3.720h
[2026-03-15 08:34:05] [Worker] 尝试 k=np.float64(6.424735630090145) | 缩放=np.float64(10932.43776651757) | MSE=np.float64(86880738.08700505) | 提取阶数=12948 | 积分耗时=1823.1s | 矩阵求解耗时=2.326h
[2026-03-15 08:44:14] [Worker] 尝试 k=np.float64(5.8380350696022525) | 缩放=np.float64(10333.676986190056) | MSE=np.float64(72472168.65171379) | 提取阶数=12932 | 积分耗时=1843.1s | 矩阵求解耗时=2.414h
[2026-03-15 08:44:28] [Worker] 尝试 k=np.float64(7.602096146818903) | 缩放=np.float64(13809.391081495698) | MSE=np.float64(177959057.1903686) | 提取阶数=12957 | 积分耗时=1847.7s | 矩阵求解耗时=2.428h
[2026-03-15 08:46:22] [Worker] 尝试 k=np.float64(9.936428933303661) | 缩放=np.float64(4084.7980085087916) | MSE=np.float64(160276.5805557612) | 提取阶数=13016 | 积分耗时=1816.7s | 矩阵求解耗时=2.444h
[2026-03-15 09:14:43] [Worker] 尝试 k=np.float64(11.638976820127896) | 缩放=np.float64(9180.706966105827) | MSE=np.float64(45990771.90524368) | 提取阶数=13048 | 积分耗时=1815.9s | 矩阵求解耗时=4.972h
[2026-03-15 10:20:28] [Worker] 尝试 k=np.float64(7.880965154331216) | 缩放=np.float64(9466.62407858258) | MSE=np.float64(52272368.67082057) | 提取阶数=12983 | 积分耗时=2256.1s | 矩阵求解耗时=0.973h
[2026-03-15 10:24:35] [Worker] 尝试 k=np.float64(11.265683419808674) | 缩放=np.float64(4036.6807172340827) | MSE=np.float64(212147.88692820448) | 提取阶数=13040 | 积分耗时=2578.5s | 矩阵求解耗时=0.956h
[2026-03-15 10:41:18] [Worker] 尝试 k=np.float64(5.1927648690999) | 缩放=np.float64(4892.843614821132) | MSE=np.float64(826877.5703404911) | 提取阶数=12945 | 积分耗时=2939.9s | 矩阵求解耗时=0.626h
[2026-03-15 10:44:24] [Worker] 尝试 k=np.float64(10.767612990467471) | 缩放=np.float64(5870.754077636832) | MSE=np.float64(4777500.8536138395) | 提取阶数=13044 | 积分耗时=1814.8s | 矩阵求解耗时=4.480h
[2026-03-15 10:51:45] [Worker] 尝试 k=np.float64(8.743146543808658) | 缩放=np.float64(6224.265027902837) | MSE=np.float64(7378026.112812338) | 提取阶数=12987 | 积分耗时=1816.0s | 矩阵求解耗时=4.566h
[2026-03-15 10:51:51] [Worker] 尝试 k=np.float64(8.861743120355595) | 缩放=np.float64(5689.809782745056) | MSE=np.float64(3848328.0009516035) | 提取阶数=13000 | 积分耗时=1883.6s | 矩阵求解耗时=4.519h
[2026-03-15 10:55:15] [Worker] 尝试 k=np.float64(6.502715820672389) | 缩放=np.float64(5331.527318128919) | MSE=np.float64(2263563.780191657) | 提取阶数=12946 | 积分耗时=1836.5s | 矩阵求解耗时=4.563h
[2026-03-15 10:57:28] [Worker] 尝试 k=np.float64(13.13529710007422) | 缩放=np.float64(8564.637150165958) | MSE=np.float64(34460619.10595129) | 提取阶数=13096 | 积分耗时=1868.5s | 矩阵求解耗时=4.594h
[2026-03-15 10:58:36] [Worker] 尝试 k=np.float64(11.881040782618781) | 缩放=np.float64(5193.541322030632) | MSE=np.float64(1542942.1758961624) | 提取阶数=13075 | 积分耗时=2031.2s | 矩阵求解耗时=4.575h
[2026-03-15 11:01:51] [Worker] 尝试 k=np.float64(12.611609981672114) | 缩放=np.float64(21900.131264644904) | MSE=np.float64(594846800.6001072) | 提取阶数=13068 | 积分耗时=2214.7s | 矩阵求解耗时=4.548h
[2026-03-15 11:08:32] [Worker] 尝试 k=np.float64(14.538236100363509) | 缩放=np.float64(6164.563979519294) | MSE=np.float64(6440216.009789907) | 提取阶数=13139 | 积分耗时=2177.6s | 矩阵求解耗时=4.680h
[2026-03-15 11:12:23] [Worker] 尝试 k=np.float64(6.075520068962671) | 缩放=np.float64(10149.103542295241) | MSE=np.float64(67770417.91395894) | 提取阶数=12934 | 积分耗时=1813.9s | 矩阵求解耗时=6.905h
[2026-03-15 11:55:13] [Worker] 尝试 k=np.float64(10.944420856940884) | 缩放=np.float64(6719.937284061115) | MSE=np.float64(11338577.231454045) | 提取阶数=13047 | 积分耗时=3115.1s | 矩阵求解耗时=3.051h
[2026-03-15 11:59:20] [Worker] 尝试 k=np.float64(13.655302894996689) | 缩放=np.float64(4559.98385229893) | MSE=np.float64(176850.82781603312) | 提取阶数=13091 | 积分耗时=3319.8s | 矩阵求解耗时=3.065h
[2026-03-15 12:41:29] [Worker] 尝试 k=np.float64(13.329490640721152) | 缩放=np.float64(14172.871066247953) | MSE=np.float64(185509599.5525052) | 提取阶数=13105 | 积分耗时=1905.0s | 矩阵求解耗时=3.594h
[2026-03-15 12:50:18] [Worker] 尝试 k=np.float64(13.864587852802352) | 缩放=np.float64(8659.979869572815) | MSE=np.float64(35875474.4302321) | 提取阶数=13114 | 积分耗时=2241.2s | 矩阵求解耗时=1.527h
[2026-03-15 12:53:10] [Worker] 尝试 k=np.float64(14.154523922487467) | 缩放=np.float64(14057.46673245218) | MSE=np.float64(181355153.9410112) | 提取阶数=13106 | 积分耗时=2406.5s | 矩阵求解耗时=3.445h
[2026-03-15 13:24:38] [Worker] 尝试 k=np.float64(13.01954057901094) | 缩放=np.float64(8187.73776008151) | MSE=np.float64(28856172.833850794) | 提取阶数=13078 | 积分耗时=2197.7s | 矩阵求解耗时=1.936h
[2026-03-15 13:32:01] [Worker] 尝试 k=np.float64(7.4299439337745135) | 缩放=np.float64(6537.244047731546) | MSE=np.float64(10034408.444687016) | 提取阶数=12961 | 积分耗时=2345.8s | 矩阵求解耗时=1.961h
[2026-03-15 13:36:31] [Worker] 尝试 k=np.float64(8.623970716741416) | 缩放=np.float64(3452.51073015705) | MSE=np.float64(1425293.5410222607) | 提取阶数=12988 | 积分耗时=2586.5s | 矩阵求解耗时=1.913h
[2026-03-15 13:44:46] [Worker] 尝试 k=np.float64(13.096327758024536) | 缩放=np.float64(5547.616922584117) | MSE=np.float64(2953113.453026772) | 提取阶数=13088 | 积分耗时=2913.8s | 矩阵求解耗时=1.979h
[2026-03-15 13:46:26] [Worker] 尝试 k=np.float64(7.006888277381646) | 缩放=np.float64(18845.504368789247) | MSE=np.float64(414869795.19541734) | 提取阶数=12959 | 积分耗时=3634.9s | 矩阵求解耗时=1.558h
[2026-03-15 14:09:01] [Worker] 尝试 k=np.float64(9.704746223306806) | 缩放=np.float64(16364.133554493268) | MSE=np.float64(283197814.3557423) | 提取阶数=13002 | 积分耗时=4051.5s | 矩阵求解耗时=1.036h
[2026-03-15 14:41:48] [Worker] 尝试 k=np.float64(6.88074256593158) | 缩放=np.float64(4969.013513788666) | MSE=np.float64(1000530.3775805333) | 提取阶数=12958 | 积分耗时=1830.7s | 矩阵求解耗时=3.778h
[2026-03-15 14:42:37] [Worker] 尝试 k=np.float64(11.81216868487467) | 缩放=np.float64(5258.738114683725) | MSE=np.float64(1803582.2465534455) | 提取阶数=13056 | 积分耗时=1831.8s | 矩阵求解耗时=3.860h
[2026-03-15 14:53:55] [Worker] 尝试 k=np.float64(14.780964854702612) | 缩放=np.float64(7358.781615671181) | MSE=np.float64(17353394.536788397) | 提取阶数=13144 | 积分耗时=3033.5s | 矩阵求解耗时=1.217h
[2026-03-15 15:08:07] [Worker] 尝试 k=np.float64(5.617309601924026) | 缩放=np.float64(5414.248061117594) | MSE=np.float64(2618094.314119866) | 提取阶数=12934 | 积分耗时=2843.9s | 矩阵求解耗时=0.934h
[2026-03-15 15:41:14] [Worker] 尝试 k=np.float64(8.333133400589446) | 缩放=np.float64(14408.168074307523) | MSE=np.float64(199257042.02114013) | 提取阶数=12993 | 积分耗时=3482.0s | 矩阵求解耗时=1.186h
[2026-03-15 15:45:08] [Worker] 尝试 k=np.float64(14.38117913628373) | 缩放=np.float64(4814.155597255832) | MSE=np.float64(509074.41355516395) | 提取阶数=13128 | 积分耗时=2128.4s | 矩阵求解耗时=4.421h
[2026-03-15 15:46:43] [Worker] 尝试 k=np.float64(9.28168791140952) | 缩放=np.float64(3720.9379803668508) | MSE=np.float64(719931.5457737385) | 提取阶数=13011 | 积分耗时=3040.1s | 矩阵求解耗时=1.188h
[2026-03-15 15:48:54] [Worker] 尝试 k=np.float64(9.343253595449447) | 缩放=np.float64(2239.4410098487992) | MSE=np.float64(8267440.159398904) | 提取阶数=13000 | 积分耗时=3687.6s | 矩阵求解耗时=1.182h
[2026-03-15 15:56:21] [Worker] 尝试 k=np.float64(6.697214293240151) | 缩放=np.float64(8204.231924093849) | MSE=np.float64(30351492.78532184) | 提取阶数=12947 | 积分耗时=3795.9s | 矩阵求解耗时=1.110h
[2026-03-15 16:12:01] [Worker] 尝试 k=np.float64(8.014879262566396) | 缩放=np.float64(4287.128732023372) | MSE=np.float64(74218.30326164643) | 提取阶数=12988 | 积分耗时=2420.1s | 矩阵求解耗时=4.665h
[2026-03-15 16:24:47] [Worker] 尝试 k=np.float64(5.667894639550347) | 缩放=np.float64(3446.8518939005235) | MSE=np.float64(1418985.514946214) | 提取阶数=12941 | 积分耗时=2961.7s | 矩阵求解耗时=4.559h
[2026-03-15 16:29:32] [Worker] 尝试 k=np.float64(12.513538884380456) | 缩放=np.float64(7973.584621290933) | MSE=np.float64(25820990.008717544) | 提取阶数=13070 | 积分耗时=2692.8s | 矩阵求解耗时=4.602h
[2026-03-15 16:38:11] [Worker] 尝试 k=np.float64(5.287534644302893) | 缩放=np.float64(7220.022744371012) | MSE=np.float64(17072513.15448173) | 提取阶数=12936 | 积分耗时=2904.2s | 矩阵求解耗时=0.694h
[2026-03-15 16:46:02] [Worker] 尝试 k=np.float64(12.274934815118058) | 缩放=np.float64(8231.573840614614) | MSE=np.float64(29638291.83895) | 提取阶数=13073 | 积分耗时=3572.5s | 矩阵求解耗时=1.064h
[2026-03-15 16:55:31] [Worker] 尝试 k=np.float64(10.526244914495823) | 缩放=np.float64(13238.516365507274) | MSE=np.float64(154678769.30429766) | 提取阶数=13030 | 积分耗时=3268.6s | 矩阵求解耗时=1.118h
[2026-03-15 17:45:16] [Worker] 尝试 k=np.float64(14.74938244364426) | 缩放=np.float64(5820.940943985212) | MSE=np.float64(4253155.245977525) | 提取阶数=13135 | 积分耗时=5972.7s | 矩阵求解耗时=4.175h
[2026-03-15 17:53:15] [Worker] 尝试 k=np.float64(10.569788840400584) | 缩放=np.float64(9969.271394847185) | MSE=np.float64(62042926.58118535) | 提取阶数=13047 | 积分耗时=3290.7s | 矩阵求解耗时=4.087h
[2026-03-15 17:56:32] [Worker] 尝试 k=np.float64(9.575181925733386) | 缩放=np.float64(8330.70188459807) | MSE=np.float64(31749154.193196163) | 提取阶数=13009 | 积分耗时=2939.9s | 矩阵求解耗时=1.186h
[2026-03-15 17:57:48] [Worker] 尝试 k=np.float64(11.697784068544404) | 缩放=np.float64(3062.2135852608376) | MSE=np.float64(3089206.9474938274) | 提取阶数=13061 | 积分耗时=3428.1s | 矩阵求解耗时=4.319h
[2026-03-15 18:00:45] [Worker] 尝试 k=np.float64(7.386068923200443) | 缩放=np.float64(5154.491837446648) | MSE=np.float64(1558697.6495202368) | 提取阶数=12964 | 积分耗时=3182.3s | 矩阵求解耗时=1.441h
[2026-03-15 18:11:59] [Worker] 尝试 k=np.float64(8.424712801549315) | 缩放=np.float64(6307.272179639677) | MSE=np.float64(7996092.276219332) | 提取阶数=12991 | 积分耗时=3048.6s | 矩阵求解耗时=1.574h
[2026-03-15 18:56:13] [Worker] 尝试 k=np.float64(10.628868442366153) | 缩放=np.float64(11367.657012238897) | MSE=np.float64(96618376.74038327) | 提取阶数=13040 | 积分耗时=4170.4s | 矩阵求解耗时=1.142h
[2026-03-15 19:08:31] [Worker] 尝试 k=np.float64(13.744734412241453) | 缩放=np.float64(4403.41974272984) | MSE=np.float64(82164.48348104587) | 提取阶数=13105 | 积分耗时=3504.6s | 矩阵求解耗时=4.018h
[2026-03-15 19:35:35] [Worker] 尝试 k=np.float64(6.262059445561551) | 缩放=np.float64(5080.501472619577) | MSE=np.float64(1314871.3444066243) | 提取阶数=12960 | 积分耗时=2667.0s | 矩阵求解耗时=1.097h
[2026-03-15 19:53:25] [Worker] 尝试 k=np.float64(12.952569688871485) | 缩放=np.float64(2549.150710659476) | MSE=np.float64(6103350.592333483) | 提取阶数=13080 | 积分耗时=3608.1s | 矩阵求解耗时=4.191h
[2026-03-15 20:13:28] [Worker] 尝试 k=np.float64(6.366471477312904) | 缩放=np.float64(16110.357854959972) | MSE=np.float64(274647148.7398835) | 提取阶数=12951 | 积分耗时=3492.0s | 矩阵求解耗时=1.054h
[2026-03-15 20:30:57] [Worker] 尝试 k=np.float64(8.487228697032517) | 缩放=np.float64(4462.809169366252) | MSE=np.float64(132265.16575755778) | 提取阶数=12988 | 积分耗时=2684.8s | 矩阵求解耗时=3.955h
[2026-03-15 20:44:12] [Worker] 尝试 k=np.float64(12.363962865078962) | 缩放=np.float64(4098.670685322814) | MSE=np.float64(164227.48993050744) | 提取阶数=13077 | 积分耗时=3070.0s | 矩阵求解耗时=4.131h
[2026-03-15 21:07:20] [Worker] 尝试 k=np.float64(12.263607495643928) | 缩放=np.float64(4857.856605774491) | MSE=np.float64(647050.9947486516) | 提取阶数=13056 | 积分耗时=3266.9s | 矩阵求解耗时=3.722h
[2026-03-15 21:07:22] [Worker] 尝试 k=np.float64(9.649333406018522) | 缩放=np.float64(3873.589598644253) | MSE=np.float64(421376.8216555525) | 提取阶数=13005 | 积分耗时=3710.6s | 矩阵求解耗时=3.892h
[2026-03-15 21:09:53] [Worker] 尝试 k=np.float64(13.947571331279615) | 缩放=np.float64(6450.496373885777) | MSE=np.float64(8715966.570992356) | 提取阶数=13102 | 积分耗时=2800.4s | 矩阵求解耗时=3.973h
